// Vitest Snapshot v1, https://vitest.dev/guide/snapshot.html

exports[`ConfigProvider componentConfig.Upload > default 1`] = `"<div class="suzume-upload suzume-upload-type-text"><input style="display:none" type="file"/><div class="suzume-upload-trigger"><button aria-label="点击上传" class="suzume-btn suzume-btn-primary suzume-btn-size-default suzume-btn-shape-square suzume-upload-trigger-with-icon" type="button"><svg fill="none" stroke="currentColor" stroke-width="4" viewBox="0 0 48 48" aria-hidden="true" focusable="false" class="suzume-icon suzume-icon-upload"><path d="M14.93 17.071 24.001 8l9.071 9.071m-9.07 16.071v-25M40 35v6H8v-6"></path></svg><span>点击上传</span></button></div></div><div class="suzume-upload-list suzume-upload-list-type-text"></div>"`;

exports[`ConfigProvider componentConfig.Upload > set className globally 1`] = `"<div class="suzume-upload suzume-upload-type-text global-default-class"><input style="display:none" type="file"/><div class="suzume-upload-trigger"><button aria-label="点击上传" class="suzume-btn suzume-btn-primary suzume-btn-size-default suzume-btn-shape-square suzume-upload-trigger-with-icon" type="button"><svg fill="none" stroke="currentColor" stroke-width="4" viewBox="0 0 48 48" aria-hidden="true" focusable="false" class="suzume-icon suzume-icon-upload"><path d="M14.93 17.071 24.001 8l9.071 9.071m-9.07 16.071v-25M40 35v6H8v-6"></path></svg><span>点击上传</span></button></div></div><div class="suzume-upload-list suzume-upload-list-type-text"></div>"`;

exports[`ConfigProvider componentConfig.Upload > set className globally and component set className itself. 1`] = `"<div class="suzume-upload suzume-upload-type-text component-class"><input style="display:none" type="file"/><div class="suzume-upload-trigger"><button aria-label="点击上传" class="suzume-btn suzume-btn-primary suzume-btn-size-default suzume-btn-shape-square suzume-upload-trigger-with-icon" type="button"><svg fill="none" stroke="currentColor" stroke-width="4" viewBox="0 0 48 48" aria-hidden="true" focusable="false" class="suzume-icon suzume-icon-upload"><path d="M14.93 17.071 24.001 8l9.071 9.071m-9.07 16.071v-25M40 35v6H8v-6"></path></svg><span>点击上传</span></button></div></div><div class="suzume-upload-list suzume-upload-list-type-text"></div>"`;

exports[`ConfigProvider componentConfig.Upload > set data-* property 1`] = `"<div data-test-name="Upload" class="suzume-upload suzume-upload-type-text"><input style="display:none" type="file"/><div class="suzume-upload-trigger"><button aria-label="点击上传" class="suzume-btn suzume-btn-primary suzume-btn-size-default suzume-btn-shape-square suzume-upload-trigger-with-icon" type="button"><svg fill="none" stroke="currentColor" stroke-width="4" viewBox="0 0 48 48" aria-hidden="true" focusable="false" class="suzume-icon suzume-icon-upload"><path d="M14.93 17.071 24.001 8l9.071 9.071m-9.07 16.071v-25M40 35v6H8v-6"></path></svg><span>点击上传</span></button></div></div><div class="suzume-upload-list suzume-upload-list-type-text"></div>"`;
