// Vitest Snapshot v1, https://vitest.dev/guide/snapshot.html

exports[`ConfigProvider componentConfig.InputTag > default 1`] = `"<div class="suzume-input-tag suzume-input-tag-size-default suzume-input-tag-has-placeholder"><div class="suzume-input-tag-view"><div class="suzume-input-tag-inner"><input autoComplete="off" class="suzume-input-tag-input suzume-input-tag-input-size-default suzume-input-tag-input-autowidth" style="order:-1" value=""/><span class="suzume-input-tag-input-mirror" style="order:-1"></span></div></div></div>"`;

exports[`ConfigProvider componentConfig.InputTag > set className globally 1`] = `"<div class="suzume-input-tag suzume-input-tag-size-default suzume-input-tag-has-placeholder global-default-class"><div class="suzume-input-tag-view"><div class="suzume-input-tag-inner"><input autoComplete="off" class="suzume-input-tag-input suzume-input-tag-input-size-default suzume-input-tag-input-autowidth" style="order:-1" value=""/><span class="suzume-input-tag-input-mirror" style="order:-1"></span></div></div></div>"`;

exports[`ConfigProvider componentConfig.InputTag > set className globally and component set className itself. 1`] = `"<div class="suzume-input-tag suzume-input-tag-size-default suzume-input-tag-has-placeholder component-class"><div class="suzume-input-tag-view"><div class="suzume-input-tag-inner"><input autoComplete="off" class="suzume-input-tag-input suzume-input-tag-input-size-default suzume-input-tag-input-autowidth" style="order:-1" value=""/><span class="suzume-input-tag-input-mirror" style="order:-1"></span></div></div></div>"`;

exports[`ConfigProvider componentConfig.InputTag > set data-* property 1`] = `"<div data-test-name="InputTag" class="suzume-input-tag suzume-input-tag-size-default suzume-input-tag-has-placeholder"><div class="suzume-input-tag-view"><div class="suzume-input-tag-inner"><input autoComplete="off" class="suzume-input-tag-input suzume-input-tag-input-size-default suzume-input-tag-input-autowidth" style="order:-1" value=""/><span class="suzume-input-tag-input-mirror" style="order:-1"></span></div></div></div>"`;
