// Vitest Snapshot v1, https://vitest.dev/guide/snapshot.html

exports[`renders Skeleton/demo/animate.md correctly 1`] = `"<div><div style="margin-bottom:40px"><span class="suzume-typography" style="margin:0 8px">Animation</span><button role="switch" aria-checked="true" style="vertical-align:middle" class="suzume-switch suzume-switch-small suzume-switch-type-circle suzume-switch-checked" type="button"><div class="suzume-switch-dot"></div></button></div><div class="suzume-skeleton suzume-skeleton-animate"><div class="suzume-skeleton-header"><div class="suzume-skeleton-image suzume-skeleton-image-left suzume-skeleton-image-circle"></div></div><div class="suzume-skeleton-content"><ul class="suzume-skeleton-text"><li class="suzume-skeleton-text-row"></li><li class="suzume-skeleton-text-row"></li><li class="suzume-skeleton-text-row" style="width:90%"></li></ul></div></div></div>"`;

exports[`renders Skeleton/demo/basic.md correctly 1`] = `"<div class="suzume-skeleton"><div class="suzume-skeleton-content"><ul class="suzume-skeleton-text"><li class="suzume-skeleton-text-row"></li><li class="suzume-skeleton-text-row"></li><li class="suzume-skeleton-text-row" style="width:60%"></li></ul></div></div>"`;

exports[`renders Skeleton/demo/rows.md correctly 1`] = `"<div class="suzume-skeleton"><div class="suzume-skeleton-header"><div class="suzume-skeleton-image suzume-skeleton-image-left suzume-skeleton-image-square"></div></div><div class="suzume-skeleton-content"><ul class="suzume-skeleton-text"><li class="suzume-skeleton-text-row" style="width:100%"></li><li class="suzume-skeleton-text-row" style="width:600px"></li><li class="suzume-skeleton-text-row" style="width:400px"></li></ul></div></div>"`;
