// Vitest Snapshot v1, https://vitest.dev/guide/snapshot.html

exports[`ConfigProvider componentConfig.DatePicker > default 1`] = `"<div class="suzume-picker suzume-picker-size-default"><div class="suzume-picker-input"><input placeholder="请选择日期" class="suzume-picker-start-time" value=""/></div><div class="suzume-picker-suffix"><span class="suzume-picker-suffix-icon"><svg fill="none" stroke="currentColor" stroke-width="4" viewBox="0 0 48 48" aria-hidden="true" focusable="false" class="suzume-icon suzume-icon-calendar"><path d="M7 22h34M14 5v8m20-8v8M8 41h32a1 1 0 0 0 1-1V10a1 1 0 0 0-1-1H8a1 1 0 0 0-1 1v30a1 1 0 0 0 1 1Z"></path></svg></span></div></div>"`;

exports[`ConfigProvider componentConfig.DatePicker > set className globally 1`] = `"<div class="suzume-picker suzume-picker-size-default global-default-class"><div class="suzume-picker-input"><input placeholder="请选择日期" class="suzume-picker-start-time" value=""/></div><div class="suzume-picker-suffix"><span class="suzume-picker-suffix-icon"><svg fill="none" stroke="currentColor" stroke-width="4" viewBox="0 0 48 48" aria-hidden="true" focusable="false" class="suzume-icon suzume-icon-calendar"><path d="M7 22h34M14 5v8m20-8v8M8 41h32a1 1 0 0 0 1-1V10a1 1 0 0 0-1-1H8a1 1 0 0 0-1 1v30a1 1 0 0 0 1 1Z"></path></svg></span></div></div>"`;

exports[`ConfigProvider componentConfig.DatePicker > set className globally and component set className itself. 1`] = `"<div class="suzume-picker suzume-picker-size-default component-class"><div class="suzume-picker-input"><input placeholder="请选择日期" class="suzume-picker-start-time" value=""/></div><div class="suzume-picker-suffix"><span class="suzume-picker-suffix-icon"><svg fill="none" stroke="currentColor" stroke-width="4" viewBox="0 0 48 48" aria-hidden="true" focusable="false" class="suzume-icon suzume-icon-calendar"><path d="M7 22h34M14 5v8m20-8v8M8 41h32a1 1 0 0 0 1-1V10a1 1 0 0 0-1-1H8a1 1 0 0 0-1 1v30a1 1 0 0 0 1 1Z"></path></svg></span></div></div>"`;

exports[`ConfigProvider componentConfig.DatePicker > set data-* property 1`] = `"<div class="suzume-picker suzume-picker-size-default" data-test-name="DatePicker"><div class="suzume-picker-input"><input placeholder="请选择日期" class="suzume-picker-start-time" value=""/></div><div class="suzume-picker-suffix"><span class="suzume-picker-suffix-icon"><svg fill="none" stroke="currentColor" stroke-width="4" viewBox="0 0 48 48" aria-hidden="true" focusable="false" class="suzume-icon suzume-icon-calendar"><path d="M7 22h34M14 5v8m20-8v8M8 41h32a1 1 0 0 0 1-1V10a1 1 0 0 0-1-1H8a1 1 0 0 0-1 1v30a1 1 0 0 0 1 1Z"></path></svg></span></div></div>"`;
