// Vitest Snapshot v1, https://vitest.dev/guide/snapshot.html

exports[`ConfigProvider componentConfig.Divider > default 1`] = `"<div role="separator" class="suzume-divider suzume-divider-horizontal"></div>"`;

exports[`ConfigProvider componentConfig.Divider > set className globally 1`] = `"<div role="separator" class="suzume-divider suzume-divider-horizontal global-default-class"></div>"`;

exports[`ConfigProvider componentConfig.Divider > set className globally and component set className itself. 1`] = `"<div role="separator" class="suzume-divider suzume-divider-horizontal component-class"></div>"`;

exports[`ConfigProvider componentConfig.Divider > set data-* property 1`] = `"<div role="separator" class="suzume-divider suzume-divider-horizontal" data-test-name="Divider"></div>"`;
