// Vitest Snapshot v1, https://vitest.dev/guide/snapshot.html

exports[`ConfigProvider componentConfig.Progress > default 1`] = `"<div class="suzume-progress suzume-progress-line suzume-progress-default"><div class="suzume-progress-line-wrapper"><div class="suzume-progress-line-outer" role="progressbar" aria-valuemin="0" aria-valuemax="100" aria-valuenow="0" style="height:4px"><div class="suzume-progress-line-inner" style="width:0%"></div></div><div class="suzume-progress-line-text suzume-progress-line-text-with-icon">0%</div></div></div>"`;

exports[`ConfigProvider componentConfig.Progress > set className globally 1`] = `"<div class="suzume-progress suzume-progress-line suzume-progress-default global-default-class"><div class="suzume-progress-line-wrapper"><div class="suzume-progress-line-outer" role="progressbar" aria-valuemin="0" aria-valuemax="100" aria-valuenow="0" style="height:4px"><div class="suzume-progress-line-inner" style="width:0%"></div></div><div class="suzume-progress-line-text suzume-progress-line-text-with-icon">0%</div></div></div>"`;

exports[`ConfigProvider componentConfig.Progress > set className globally and component set className itself. 1`] = `"<div class="suzume-progress suzume-progress-line suzume-progress-default component-class"><div class="suzume-progress-line-wrapper"><div class="suzume-progress-line-outer" role="progressbar" aria-valuemin="0" aria-valuemax="100" aria-valuenow="0" style="height:4px"><div class="suzume-progress-line-inner" style="width:0%"></div></div><div class="suzume-progress-line-text suzume-progress-line-text-with-icon">0%</div></div></div>"`;

exports[`ConfigProvider componentConfig.Progress > set data-* property 1`] = `"<div class="suzume-progress suzume-progress-line suzume-progress-default" data-test-name="Progress"><div class="suzume-progress-line-wrapper"><div class="suzume-progress-line-outer" role="progressbar" aria-valuemin="0" aria-valuemax="100" aria-valuenow="0" style="height:4px"><div class="suzume-progress-line-inner" style="width:0%"></div></div><div class="suzume-progress-line-text suzume-progress-line-text-with-icon">0%</div></div></div>"`;
