// Vitest Snapshot v1, https://vitest.dev/guide/snapshot.html

exports[`ConfigProvider componentConfig.Tabs > default 1`] = `"<div class="suzume-tabs suzume-tabs-horizontal suzume-tabs-line suzume-tabs-top suzume-tabs-size-default"><div class="suzume-tabs-header-nav suzume-tabs-header-nav-horizontal suzume-tabs-header-nav-top suzume-tabs-header-size-default suzume-tabs-header-nav-line"><div class="suzume-tabs-header-scroll"><div class="suzume-tabs-header-wrapper"><div class="suzume-tabs-header" style="transform:translateX(0px);-webkit-transform:translateX(0px);-ms-transform:translateX(0px);-moz-transform:translateX(0px);-o-transform:translateX(0px)"><div class="suzume-tabs-header-ink"></div></div></div></div></div></div>"`;

exports[`ConfigProvider componentConfig.Tabs > set className globally 1`] = `"<div class="suzume-tabs suzume-tabs-horizontal suzume-tabs-line suzume-tabs-top suzume-tabs-size-default global-default-class"><div class="suzume-tabs-header-nav suzume-tabs-header-nav-horizontal suzume-tabs-header-nav-top suzume-tabs-header-size-default suzume-tabs-header-nav-line"><div class="suzume-tabs-header-scroll"><div class="suzume-tabs-header-wrapper"><div class="suzume-tabs-header" style="transform:translateX(0px);-webkit-transform:translateX(0px);-ms-transform:translateX(0px);-moz-transform:translateX(0px);-o-transform:translateX(0px)"><div class="suzume-tabs-header-ink"></div></div></div></div></div></div>"`;

exports[`ConfigProvider componentConfig.Tabs > set className globally and component set className itself. 1`] = `"<div class="suzume-tabs suzume-tabs-horizontal suzume-tabs-line suzume-tabs-top suzume-tabs-size-default component-class"><div class="suzume-tabs-header-nav suzume-tabs-header-nav-horizontal suzume-tabs-header-nav-top suzume-tabs-header-size-default suzume-tabs-header-nav-line"><div class="suzume-tabs-header-scroll"><div class="suzume-tabs-header-wrapper"><div class="suzume-tabs-header" style="transform:translateX(0px);-webkit-transform:translateX(0px);-ms-transform:translateX(0px);-moz-transform:translateX(0px);-o-transform:translateX(0px)"><div class="suzume-tabs-header-ink"></div></div></div></div></div></div>"`;

exports[`ConfigProvider componentConfig.Tabs > set data-* property 1`] = `"<div data-test-name="Tabs" class="suzume-tabs suzume-tabs-horizontal suzume-tabs-line suzume-tabs-top suzume-tabs-size-default"><div class="suzume-tabs-header-nav suzume-tabs-header-nav-horizontal suzume-tabs-header-nav-top suzume-tabs-header-size-default suzume-tabs-header-nav-line"><div class="suzume-tabs-header-scroll"><div class="suzume-tabs-header-wrapper"><div class="suzume-tabs-header" style="transform:translateX(0px);-webkit-transform:translateX(0px);-ms-transform:translateX(0px);-moz-transform:translateX(0px);-o-transform:translateX(0px)"><div class="suzume-tabs-header-ink"></div></div></div></div></div></div>"`;
