// Vitest Snapshot v1, https://vitest.dev/guide/snapshot.html

exports[`ConfigProvider componentConfig.ResizeBox > default 1`] = `"<div class="suzume-resizebox"><div class="suzume-resizebox-trigger suzume-resizebox-trigger-vertical suzume-resizebox-direction-right"><div class="suzume-resizebox-trigger-icon-wrapper"><span class="suzume-resizebox-trigger-icon-empty"></span><span class="suzume-resizebox-trigger-icon"><svg fill="none" stroke="currentColor" stroke-width="4" viewBox="0 0 48 48" aria-hidden="true" focusable="false" class="suzume-icon suzume-icon-drag-dot-vertical"><path fill="currentColor" stroke="none" d="M17 8h2v2h-2V8ZM17 23h2v2h-2v-2ZM17 38h2v2h-2v-2ZM29 8h2v2h-2V8ZM29 23h2v2h-2v-2ZM29 38h2v2h-2v-2Z"></path><path d="M17 8h2v2h-2V8ZM17 23h2v2h-2v-2ZM17 38h2v2h-2v-2ZM29 8h2v2h-2V8ZM29 23h2v2h-2v-2ZM29 38h2v2h-2v-2Z"></path></svg></span><span class="suzume-resizebox-trigger-icon-empty"></span></div></div></div>"`;

exports[`ConfigProvider componentConfig.ResizeBox > set className globally 1`] = `"<div class="suzume-resizebox global-default-class"><div class="suzume-resizebox-trigger suzume-resizebox-trigger-vertical suzume-resizebox-direction-right"><div class="suzume-resizebox-trigger-icon-wrapper"><span class="suzume-resizebox-trigger-icon-empty"></span><span class="suzume-resizebox-trigger-icon"><svg fill="none" stroke="currentColor" stroke-width="4" viewBox="0 0 48 48" aria-hidden="true" focusable="false" class="suzume-icon suzume-icon-drag-dot-vertical"><path fill="currentColor" stroke="none" d="M17 8h2v2h-2V8ZM17 23h2v2h-2v-2ZM17 38h2v2h-2v-2ZM29 8h2v2h-2V8ZM29 23h2v2h-2v-2ZM29 38h2v2h-2v-2Z"></path><path d="M17 8h2v2h-2V8ZM17 23h2v2h-2v-2ZM17 38h2v2h-2v-2ZM29 8h2v2h-2V8ZM29 23h2v2h-2v-2ZM29 38h2v2h-2v-2Z"></path></svg></span><span class="suzume-resizebox-trigger-icon-empty"></span></div></div></div>"`;

exports[`ConfigProvider componentConfig.ResizeBox > set className globally and component set className itself. 1`] = `"<div class="suzume-resizebox component-class"><div class="suzume-resizebox-trigger suzume-resizebox-trigger-vertical suzume-resizebox-direction-right"><div class="suzume-resizebox-trigger-icon-wrapper"><span class="suzume-resizebox-trigger-icon-empty"></span><span class="suzume-resizebox-trigger-icon"><svg fill="none" stroke="currentColor" stroke-width="4" viewBox="0 0 48 48" aria-hidden="true" focusable="false" class="suzume-icon suzume-icon-drag-dot-vertical"><path fill="currentColor" stroke="none" d="M17 8h2v2h-2V8ZM17 23h2v2h-2v-2ZM17 38h2v2h-2v-2ZM29 8h2v2h-2V8ZM29 23h2v2h-2v-2ZM29 38h2v2h-2v-2Z"></path><path d="M17 8h2v2h-2V8ZM17 23h2v2h-2v-2ZM17 38h2v2h-2v-2ZM29 8h2v2h-2V8ZM29 23h2v2h-2v-2ZM29 38h2v2h-2v-2Z"></path></svg></span><span class="suzume-resizebox-trigger-icon-empty"></span></div></div></div>"`;

exports[`ConfigProvider componentConfig.ResizeBox > set data-* property 1`] = `"<div data-test-name="ResizeBox" class="suzume-resizebox"><div class="suzume-resizebox-trigger suzume-resizebox-trigger-vertical suzume-resizebox-direction-right"><div class="suzume-resizebox-trigger-icon-wrapper"><span class="suzume-resizebox-trigger-icon-empty"></span><span class="suzume-resizebox-trigger-icon"><svg fill="none" stroke="currentColor" stroke-width="4" viewBox="0 0 48 48" aria-hidden="true" focusable="false" class="suzume-icon suzume-icon-drag-dot-vertical"><path fill="currentColor" stroke="none" d="M17 8h2v2h-2V8ZM17 23h2v2h-2v-2ZM17 38h2v2h-2v-2ZM29 8h2v2h-2V8ZM29 23h2v2h-2v-2ZM29 38h2v2h-2v-2Z"></path><path d="M17 8h2v2h-2V8ZM17 23h2v2h-2v-2ZM17 38h2v2h-2v-2ZM29 8h2v2h-2V8ZM29 23h2v2h-2v-2ZM29 38h2v2h-2v-2Z"></path></svg></span><span class="suzume-resizebox-trigger-icon-empty"></span></div></div></div>"`;
