// Vitest Snapshot v1, https://vitest.dev/guide/snapshot.html

exports[`ConfigProvider componentConfig.Pagination > default 1`] = `"<div class="suzume-pagination suzume-pagination-size-default"><ul class="suzume-pagination-list"><li class="suzume-pagination-item suzume-pagination-item-prev suzume-pagination-item-disabled" tabindex="-1" aria-label="上一页"><svg fill="none" stroke="currentColor" stroke-width="4" viewBox="0 0 48 48" aria-hidden="true" focusable="false" class="suzume-icon suzume-icon-left"><path d="M32 8.4 16.444 23.956 32 39.513"></path></svg></li><li class="suzume-pagination-item suzume-pagination-item-next suzume-pagination-item-disabled" tabindex="-1" aria-label="下一页"><svg fill="none" stroke="currentColor" stroke-width="4" viewBox="0 0 48 48" aria-hidden="true" focusable="false" class="suzume-icon suzume-icon-right"><path d="m16 39.513 15.556-15.557L16 8.4"></path></svg></li></ul></div>"`;

exports[`ConfigProvider componentConfig.Pagination > set className globally 1`] = `"<div class="suzume-pagination suzume-pagination-size-default global-default-class"><ul class="suzume-pagination-list"><li class="suzume-pagination-item suzume-pagination-item-prev suzume-pagination-item-disabled" tabindex="-1" aria-label="上一页"><svg fill="none" stroke="currentColor" stroke-width="4" viewBox="0 0 48 48" aria-hidden="true" focusable="false" class="suzume-icon suzume-icon-left"><path d="M32 8.4 16.444 23.956 32 39.513"></path></svg></li><li class="suzume-pagination-item suzume-pagination-item-next suzume-pagination-item-disabled" tabindex="-1" aria-label="下一页"><svg fill="none" stroke="currentColor" stroke-width="4" viewBox="0 0 48 48" aria-hidden="true" focusable="false" class="suzume-icon suzume-icon-right"><path d="m16 39.513 15.556-15.557L16 8.4"></path></svg></li></ul></div>"`;

exports[`ConfigProvider componentConfig.Pagination > set className globally and component set className itself. 1`] = `"<div class="suzume-pagination suzume-pagination-size-default component-class"><ul class="suzume-pagination-list"><li class="suzume-pagination-item suzume-pagination-item-prev suzume-pagination-item-disabled" tabindex="-1" aria-label="上一页"><svg fill="none" stroke="currentColor" stroke-width="4" viewBox="0 0 48 48" aria-hidden="true" focusable="false" class="suzume-icon suzume-icon-left"><path d="M32 8.4 16.444 23.956 32 39.513"></path></svg></li><li class="suzume-pagination-item suzume-pagination-item-next suzume-pagination-item-disabled" tabindex="-1" aria-label="下一页"><svg fill="none" stroke="currentColor" stroke-width="4" viewBox="0 0 48 48" aria-hidden="true" focusable="false" class="suzume-icon suzume-icon-right"><path d="m16 39.513 15.556-15.557L16 8.4"></path></svg></li></ul></div>"`;

exports[`ConfigProvider componentConfig.Pagination > set data-* property 1`] = `"<div data-test-name="Pagination" class="suzume-pagination suzume-pagination-size-default"><ul class="suzume-pagination-list"><li class="suzume-pagination-item suzume-pagination-item-prev suzume-pagination-item-disabled" tabindex="-1" aria-label="上一页"><svg fill="none" stroke="currentColor" stroke-width="4" viewBox="0 0 48 48" aria-hidden="true" focusable="false" class="suzume-icon suzume-icon-left"><path d="M32 8.4 16.444 23.956 32 39.513"></path></svg></li><li class="suzume-pagination-item suzume-pagination-item-next suzume-pagination-item-disabled" tabindex="-1" aria-label="下一页"><svg fill="none" stroke="currentColor" stroke-width="4" viewBox="0 0 48 48" aria-hidden="true" focusable="false" class="suzume-icon suzume-icon-right"><path d="m16 39.513 15.556-15.557L16 8.4"></path></svg></li></ul></div>"`;
