// Vitest Snapshot v1, https://vitest.dev/guide/snapshot.html

exports[`ConfigProvider componentConfig.Dropdown.Button > default 1`] = `"<div class="suzume-btn-group"><button class="suzume-btn suzume-btn-secondary suzume-btn-size-default suzume-btn-shape-square" type="button"></button><button class="suzume-btn suzume-btn-secondary suzume-btn-size-default suzume-btn-shape-square suzume-btn-icon-only" type="button"><svg fill="none" stroke="currentColor" stroke-width="4" viewBox="0 0 48 48" aria-hidden="true" focusable="false" class="suzume-icon suzume-icon-more"><path fill="currentColor" stroke="none" d="M38 25v-2h2v2h-2ZM23 25v-2h2v2h-2ZM8 25v-2h2v2H8Z"></path><path d="M38 25v-2h2v2h-2ZM23 25v-2h2v2h-2ZM8 25v-2h2v2H8Z"></path></svg></button></div>"`;

exports[`ConfigProvider componentConfig.Dropdown.Button > set className globally 1`] = `"<div class="suzume-btn-group global-default-class"><button class="suzume-btn suzume-btn-secondary suzume-btn-size-default suzume-btn-shape-square" type="button"></button><button class="suzume-btn suzume-btn-secondary suzume-btn-size-default suzume-btn-shape-square suzume-btn-icon-only" type="button"><svg fill="none" stroke="currentColor" stroke-width="4" viewBox="0 0 48 48" aria-hidden="true" focusable="false" class="suzume-icon suzume-icon-more"><path fill="currentColor" stroke="none" d="M38 25v-2h2v2h-2ZM23 25v-2h2v2h-2ZM8 25v-2h2v2H8Z"></path><path d="M38 25v-2h2v2h-2ZM23 25v-2h2v2h-2ZM8 25v-2h2v2H8Z"></path></svg></button></div>"`;

exports[`ConfigProvider componentConfig.Dropdown.Button > set className globally and component set className itself. 1`] = `"<div class="suzume-btn-group component-class"><button class="suzume-btn suzume-btn-secondary suzume-btn-size-default suzume-btn-shape-square" type="button"></button><button class="suzume-btn suzume-btn-secondary suzume-btn-size-default suzume-btn-shape-square suzume-btn-icon-only" type="button"><svg fill="none" stroke="currentColor" stroke-width="4" viewBox="0 0 48 48" aria-hidden="true" focusable="false" class="suzume-icon suzume-icon-more"><path fill="currentColor" stroke="none" d="M38 25v-2h2v2h-2ZM23 25v-2h2v2h-2ZM8 25v-2h2v2H8Z"></path><path d="M38 25v-2h2v2h-2ZM23 25v-2h2v2h-2ZM8 25v-2h2v2H8Z"></path></svg></button></div>"`;

exports[`ConfigProvider componentConfig.Dropdown.Button > set data-* property 1`] = `"<div class="suzume-btn-group" data-test-name="Dropdown.Button"><button class="suzume-btn suzume-btn-secondary suzume-btn-size-default suzume-btn-shape-square" type="button"></button><button class="suzume-btn suzume-btn-secondary suzume-btn-size-default suzume-btn-shape-square suzume-btn-icon-only" type="button"><svg fill="none" stroke="currentColor" stroke-width="4" viewBox="0 0 48 48" aria-hidden="true" focusable="false" class="suzume-icon suzume-icon-more"><path fill="currentColor" stroke="none" d="M38 25v-2h2v2h-2ZM23 25v-2h2v2h-2ZM8 25v-2h2v2H8Z"></path><path d="M38 25v-2h2v2h-2ZM23 25v-2h2v2h-2ZM8 25v-2h2v2H8Z"></path></svg></button></div>"`;
