// Vitest Snapshot v1, https://vitest.dev/guide/snapshot.html

exports[`ConfigProvider componentConfig.VerificationCode > default 1`] = `"<div class="suzume-verification-code"><input type="text" class="suzume-input suzume-verification-code-input" value=""/><input type="text" class="suzume-input suzume-verification-code-input" value=""/><input type="text" class="suzume-input suzume-verification-code-input" value=""/><input type="text" class="suzume-input suzume-verification-code-input" value=""/><input type="text" class="suzume-input suzume-verification-code-input" value=""/><input type="text" class="suzume-input suzume-verification-code-input" value=""/></div>"`;

exports[`ConfigProvider componentConfig.VerificationCode > set className globally 1`] = `"<div class="suzume-verification-code global-default-class"><input type="text" class="suzume-input suzume-verification-code-input" value=""/><input type="text" class="suzume-input suzume-verification-code-input" value=""/><input type="text" class="suzume-input suzume-verification-code-input" value=""/><input type="text" class="suzume-input suzume-verification-code-input" value=""/><input type="text" class="suzume-input suzume-verification-code-input" value=""/><input type="text" class="suzume-input suzume-verification-code-input" value=""/></div>"`;

exports[`ConfigProvider componentConfig.VerificationCode > set className globally and component set className itself. 1`] = `"<div class="suzume-verification-code component-class"><input type="text" class="suzume-input suzume-verification-code-input" value=""/><input type="text" class="suzume-input suzume-verification-code-input" value=""/><input type="text" class="suzume-input suzume-verification-code-input" value=""/><input type="text" class="suzume-input suzume-verification-code-input" value=""/><input type="text" class="suzume-input suzume-verification-code-input" value=""/><input type="text" class="suzume-input suzume-verification-code-input" value=""/></div>"`;

exports[`ConfigProvider componentConfig.VerificationCode > set data-* property 1`] = `"<div class="suzume-verification-code"><input type="text" class="suzume-input suzume-verification-code-input" value=""/><input type="text" class="suzume-input suzume-verification-code-input" value=""/><input type="text" class="suzume-input suzume-verification-code-input" value=""/><input type="text" class="suzume-input suzume-verification-code-input" value=""/><input type="text" class="suzume-input suzume-verification-code-input" value=""/><input type="text" class="suzume-input suzume-verification-code-input" value=""/></div>"`;
