// Vitest Snapshot v1, https://vitest.dev/guide/snapshot.html

exports[`ConfigProvider componentConfig.Cascader > default 1`] = `"<div role="combobox" aria-haspopup="listbox" aria-autocomplete="list" aria-expanded="false" tabindex="0" class="suzume-cascader suzume-cascader-single suzume-cascader-size-default"><div title="" class="suzume-cascader-view"><span class="suzume-cascader-view-selector"><input autoComplete="off" tabindex="-1" class="suzume-cascader-view-input" style="width:100%;pointer-events:none" value=""/><span class="suzume-cascader-view-value-mirror"></span><span style="display:none" class="suzume-cascader-view-value"></span></span><div aria-hidden="true" class="suzume-cascader-suffix"><div class="suzume-cascader-arrow-icon"><svg fill="none" stroke="currentColor" stroke-width="4" viewBox="0 0 48 48" aria-hidden="true" focusable="false" class="suzume-icon suzume-icon-down"><path d="M39.6 17.443 24.043 33 8.487 17.443"></path></svg></div></div></div></div>"`;

exports[`ConfigProvider componentConfig.Cascader > set className globally 1`] = `"<div role="combobox" aria-haspopup="listbox" aria-autocomplete="list" aria-expanded="false" tabindex="0" class="suzume-cascader suzume-cascader-single suzume-cascader-size-default global-default-class"><div title="" class="suzume-cascader-view"><span class="suzume-cascader-view-selector"><input autoComplete="off" tabindex="-1" class="suzume-cascader-view-input" style="width:100%;pointer-events:none" value=""/><span class="suzume-cascader-view-value-mirror"></span><span style="display:none" class="suzume-cascader-view-value"></span></span><div aria-hidden="true" class="suzume-cascader-suffix"><div class="suzume-cascader-arrow-icon"><svg fill="none" stroke="currentColor" stroke-width="4" viewBox="0 0 48 48" aria-hidden="true" focusable="false" class="suzume-icon suzume-icon-down"><path d="M39.6 17.443 24.043 33 8.487 17.443"></path></svg></div></div></div></div>"`;

exports[`ConfigProvider componentConfig.Cascader > set className globally and component set className itself. 1`] = `"<div role="combobox" aria-haspopup="listbox" aria-autocomplete="list" aria-expanded="false" tabindex="0" class="suzume-cascader suzume-cascader-single suzume-cascader-size-default component-class"><div title="" class="suzume-cascader-view"><span class="suzume-cascader-view-selector"><input autoComplete="off" tabindex="-1" class="suzume-cascader-view-input" style="width:100%;pointer-events:none" value=""/><span class="suzume-cascader-view-value-mirror"></span><span style="display:none" class="suzume-cascader-view-value"></span></span><div aria-hidden="true" class="suzume-cascader-suffix"><div class="suzume-cascader-arrow-icon"><svg fill="none" stroke="currentColor" stroke-width="4" viewBox="0 0 48 48" aria-hidden="true" focusable="false" class="suzume-icon suzume-icon-down"><path d="M39.6 17.443 24.043 33 8.487 17.443"></path></svg></div></div></div></div>"`;

exports[`ConfigProvider componentConfig.Cascader > set data-* property 1`] = `"<div role="combobox" aria-haspopup="listbox" aria-autocomplete="list" aria-expanded="false" data-test-name="Cascader" tabindex="0" class="suzume-cascader suzume-cascader-single suzume-cascader-size-default"><div title="" class="suzume-cascader-view"><span class="suzume-cascader-view-selector"><input autoComplete="off" tabindex="-1" class="suzume-cascader-view-input" style="width:100%;pointer-events:none" value=""/><span class="suzume-cascader-view-value-mirror"></span><span style="display:none" class="suzume-cascader-view-value"></span></span><div aria-hidden="true" class="suzume-cascader-suffix"><div class="suzume-cascader-arrow-icon"><svg fill="none" stroke="currentColor" stroke-width="4" viewBox="0 0 48 48" aria-hidden="true" focusable="false" class="suzume-icon suzume-icon-down"><path d="M39.6 17.443 24.043 33 8.487 17.443"></path></svg></div></div></div></div>"`;
